// Jest Snapshot v1, https://goo.gl/fbAQLP

exports[`should render Login Page correctly 1`] = `
<div>
  <h2>
    Please Login to the app
  </h2>
  <button
    onClick={[Function]}
  >
    Login
  </button>
</div>
`;
